[DbnffY5_8krl#0] ^pero<cnjcoo>/per√≤<cnjcoo>$
[/DbnffY5_8krl]
